// Jest Snapshot v1, https://goo.gl/fbAQLP

exports[`level constructor data 1`] = `
Object {
  "cells": Array [
    " ∩&",
    "o@▢",
  ],
  "demo": null,
  "height": 2,
  "infotronsNeed": 42,
  "initialFreezeZonks": true,
  "initialGravity": true,
  "maxTitleLength": 23,
  "resizable": Object {
    "maxHeight": 32767,
    "maxWidth": 32767,
  },
  "specialPorts": Array [
    Object {
      "setsFreezeEnemies": true,
      "setsFreezeZonks": true,
      "setsGravity": true,
      "x": 1,
      "y": 0,
    },
  ],
  "title": "-- Lorem ipsum --      ",
  "width": 3,
}
`;
