// Jest Snapshot v1, https://goo.gl/fbAQLP

exports[`level constructor buffer 1`] = `
Object {
  "cells": Array [
    "o                                                           ",
    " ·                                                          ",
    "  @                                                         ",
    "   &                                                        ",
    "    ▢                                                       ",
    "     ▓                                                      ",
    "      E                                                     ",
    "⚡      D                                                    ",
    " ⊏      >                                                   ",
    "  ⊐      v                                                  ",
    "   0      <                                                 ",
    "    1      ^                                                ",
    "     2      ⊃                                               ",
    "      3      ∪                                              ",
    "       ▧      ⊂                                             ",
    "        5      ∩                                            ",
    "         6      ✂                                           ",
    "          7      Y                                          ",
    "           8      T                                         ",
    "            9      R                                        ",
    "             ⊓      |                                       ",
    "              ⊔      -                                      ",
    "               ⬚      +                                     ",
    "                WW     ✧                                    ",
  ],
  "height": 24,
  "infotronsNeed": 42,
  "initialFreezeZonks": true,
  "initialGravity": true,
  "maxTitleLength": 23,
  "specialPorts": Array [
    Object {
      "setsFreezeEnemies": true,
      "setsFreezeZonks": true,
      "setsGravity": true,
      "x": 12,
      "y": 12,
    },
  ],
  "title": "-- Lorem ipsum --      ",
  "width": 60,
}
`;

exports[`level constructor no params 1`] = `
Object {
  "cells": Array [
    "                                                            ",
    "                                                            ",
    "                                                            ",
    "                                                            ",
    "                                                            ",
    "                                                            ",
    "                                                            ",
    "                                                            ",
    "                                                            ",
    "                                                            ",
    "                                                            ",
    "                                                            ",
    "                                                            ",
    "                                                            ",
    "                                                            ",
    "                                                            ",
    "                                                            ",
    "                                                            ",
    "                                                            ",
    "                                                            ",
    "                                                            ",
    "                                                            ",
    "                                                            ",
    "                                                            ",
  ],
  "height": 24,
  "infotronsNeed": 0,
  "initialFreezeZonks": false,
  "initialGravity": false,
  "maxTitleLength": 23,
  "specialPorts": Array [],
  "title": "                       ",
  "width": 60,
}
`;
